tests/test_admin_shadow_contract.py::test_metric_catalog_and_snapshot_have_the_same_ids
tests/test_admin_shadow_contract.py::test_shadow_history_has_one_collected_week_and_eleven_not_run_weeks
tests/test_admin_shadow_contract.py::test_shadow_view_model_exposes_the_inclusive_saturday_end_date
tests/test_admin_shadow_contract.py::test_shadow_metrics_keep_units_and_failure_states_truthful
tests/test_admin_shadow_contract.py::test_shadow_payload_contains_no_personal_data_or_external_action
tests/test_admin_shadow_server.py::test_server_rejects_non_loopback_hosts[]
tests/test_admin_shadow_server.py::test_server_rejects_non_loopback_hosts[0.0.0.0]
tests/test_admin_shadow_server.py::test_server_rejects_non_loopback_hosts[192.168.0.10]
tests/test_admin_shadow_server.py::test_server_rejects_non_loopback_hosts[::]
tests/test_admin_shadow_server.py::test_server_rejects_symlinked_static_assets
tests/test_admin_shadow_server.py::test_dashboard_api_matches_the_precomputed_server_payload
tests/test_admin_shadow_server.py::test_exact_public_routes_are_served[/-text/html; charset=utf-8-LOCAL SHADOW \xb7 \uc6b4\uc601 \uc544\ub2d8]
tests/test_admin_shadow_server.py::test_exact_public_routes_are_served[/styles.css-text/css; charset=utf-8---surface]
tests/test_admin_shadow_server.py::test_exact_public_routes_are_served[/app.js-text/javascript; charset=utf-8-/api/dashboard]
tests/test_admin_shadow_server.py::test_exact_public_routes_are_served[/healthz-application/json; charset=utf-8-"status":"PASS"]
tests/test_admin_shadow_server.py::test_server_does_not_disclose_the_python_runtime_version
tests/test_admin_shadow_server.py::test_unlisted_paths_fail_closed[/index.html]
tests/test_admin_shadow_server.py::test_unlisted_paths_fail_closed[/../README.md]
tests/test_admin_shadow_server.py::test_unlisted_paths_fail_closed[/api/dashboard?x=1]
tests/test_admin_shadow_server.py::test_every_response_has_no_store_and_browser_security_headers
tests/test_admin_shadow_server.py::test_unsupported_methods_fail_closed_with_safe_headers[HEAD]
tests/test_admin_shadow_server.py::test_unsupported_methods_fail_closed_with_safe_headers[POST]
tests/test_admin_shadow_server.py::test_unsupported_methods_fail_closed_with_safe_headers[PUT]
tests/test_admin_shadow_server.py::test_unsupported_methods_fail_closed_with_safe_headers[PATCH]
tests/test_admin_shadow_server.py::test_unsupported_methods_fail_closed_with_safe_headers[DELETE]
tests/test_admin_shadow_server.py::test_unsupported_methods_fail_closed_with_safe_headers[OPTIONS]
tests/test_admin_source_policy.py::test_source_contract_reuses_existing_supabase_tables_without_raw_gmail_fields
tests/test_admin_source_policy.py::test_source_policy_cli_is_a_pii_free_production_readback
tests/test_admin_source_policy.py::test_source_policy_cli_runs_through_the_real_module_entrypoint
tests/test_admin_source_policy.py::test_source_contract_rejects_unsafe_policy_mutations["gmail_raw_permanent_copy": "FORBIDDEN"-"gmail_raw_permanent_copy": "ALLOWED"-permanent Gmail]
tests/test_admin_source_policy.py::test_source_contract_rejects_unsafe_policy_mutations["auto_merge": false-"auto_merge": true-never auto-merge]
tests/test_admin_source_policy.py::test_source_contract_rejects_unsafe_policy_mutations["interval_minutes": 15-"interval_minutes": 30-must be 15 minutes]
tests/test_admin_source_policy.py::test_source_contract_rejects_unsafe_policy_mutations["admin-weekly-dashboard-sources/v1"-"admin-weekly-dashboard-sources/v999"-version must be]
tests/test_admin_source_policy.py::test_source_contract_rejects_unsafe_policy_mutations["requested_alias": "sangmokang"-"requested_alias": "other"-must be sangmokang]
tests/test_admin_source_policy.py::test_source_contract_rejects_unsafe_policy_mutations["public.gmail_derived_events"-"public.gmail_messages"-approved existing Supabase source]
tests/test_admin_source_policy.py::test_source_contract_rejects_unsafe_policy_mutations["supabase_writes": "DISABLED"-"supabase_writes": "ENABLED"-external effects must remain]
tests/test_admin_source_policy.py::test_source_policy_rejects_a_direct_replace_that_turns_on_gmail_raw_copies
tests/test_admin_source_policy.py::test_source_policy_rejects_a_direct_replace_that_turns_on_auto_merge
tests/test_admin_source_policy.py::test_source_policy_rejects_a_truthy_non_bool_gmail_raw_copy_flag
tests/test_admin_source_policy.py::test_source_policy_rejects_an_unapproved_supabase_table_substitution
tests/test_admin_source_policy.py::test_source_policy_rejects_a_duck_typed_supabase_table_entry
tests/test_admin_source_policy.py::test_supabase_source_rejects_an_unsupported_processing_mode
tests/test_admin_source_policy.py::test_calendar_reference_rejects_a_padded_calendar_id
tests/test_admin_source_policy.py::test_collection_verdict_requires_a_complete_attempt_for_pass[False-False-False-collection_not_scheduled-NOT_RUN]
tests/test_admin_source_policy.py::test_collection_verdict_requires_a_complete_attempt_for_pass[True-False-False-precondition_missing-NOT_RUN]
tests/test_admin_source_policy.py::test_collection_verdict_requires_a_complete_attempt_for_pass[True-True-False-collection_incomplete-FAIL]
tests/test_admin_source_policy.py::test_collection_verdict_requires_a_complete_attempt_for_pass[True-True-True-None-PASS]
tests/test_admin_source_policy.py::test_collection_verdict_rejects_an_attempt_that_was_not_planned
tests/test_admin_source_policy.py::test_collection_verdict_rejects_non_boolean_flags[planned]
tests/test_admin_source_policy.py::test_collection_verdict_rejects_non_boolean_flags[attempted]
tests/test_admin_source_policy.py::test_collection_verdict_rejects_non_boolean_flags[pagination_exhausted]
tests/test_admin_source_policy.py::test_every_failure_reason_has_an_explicit_collection_status_class
tests/test_admin_source_policy.py::test_source_state_rejects_a_fail_status_with_a_not_run_only_reason
tests/test_admin_source_policy.py::test_source_state_rejects_a_not_run_status_with_a_fail_only_reason
tests/test_admin_source_policy.py::test_source_state_allows_permission_denied_for_either_incomplete_status
tests/test_admin_source_policy.py::test_collection_verdict_rejects_reasons_that_contradict_attempt_state[True-True-precondition_missing-NOT_RUN-only]
tests/test_admin_source_policy.py::test_collection_verdict_rejects_reasons_that_contradict_attempt_state[True-False-collection_incomplete-FAIL-only]
tests/test_admin_source_policy.py::test_collection_verdict_rejects_reasons_that_contradict_attempt_state[True-False-collection_not_scheduled-planned collection]
tests/test_admin_source_policy.py::test_collection_verdict_rejects_reasons_that_contradict_attempt_state[False-False-precondition_missing-unplanned collection]
tests/test_admin_source_policy.py::test_candidate_all_exact_creates_review_suggestion_but_never_auto_merge
tests/test_admin_source_policy.py::test_candidate_link_requires_all_three_exact_fields[left0-right0-INSUFFICIENT_EVIDENCE]
tests/test_admin_source_policy.py::test_candidate_link_requires_all_three_exact_fields[left1-right1-NO_MATCH]
tests/test_admin_source_policy.py::test_candidate_link_requires_all_three_exact_fields[left2-right2-NO_MATCH]
tests/test_admin_source_policy.py::test_calendar_alias_resolves_only_one_exact_id_or_summary_match
tests/test_admin_source_policy.py::test_calendar_alias_missing_or_ambiguous_is_not_run[calendars0-calendar_alias_not_found]
tests/test_admin_source_policy.py::test_calendar_alias_missing_or_ambiguous_is_not_run[calendars1-calendar_alias_ambiguous]
tests/test_admin_source_policy.py::test_duplicate_calendar_list_entries_are_ambiguous_even_with_the_same_id
tests/test_admin_source_policy.py::test_resolve_calendar_alias_rejects_any_alias_other_than_the_contract_owner
tests/test_admin_source_policy.py::test_calendar_reference_rejects_an_empty_calendar_id
tests/test_admin_source_policy.py::test_calendar_reference_rejects_an_empty_summary
tests/test_admin_source_policy.py::test_calendar_id_match_is_literal_not_case_or_space_folded
tests/test_admin_source_policy.py::test_resolve_calendar_alias_rejects_entries_that_are_not_calendar_reference
tests/test_admin_source_policy.py::test_calendar_resolution_rejects_a_pass_without_a_calendar_id
tests/test_admin_source_policy.py::test_calendar_resolution_rejects_a_blank_calendar_id
tests/test_admin_source_policy.py::test_calendar_resolution_rejects_a_non_string_calendar_id
tests/test_admin_source_policy.py::test_calendar_resolution_rejects_a_not_run_with_a_calendar_id
tests/test_admin_weekly_boundaries.py::test_snapshot_api_does_not_expose_private_event_payload
tests/test_admin_weekly_boundaries.py::test_contract_slice_exposes_only_disabled_external_effects
tests/test_admin_weekly_boundaries.py::test_cross_source_unique_candidate_metric_stays_not_run
tests/test_admin_weekly_snapshot.py::test_snapshot_keeps_business_units_separate
tests/test_admin_weekly_snapshot.py::test_snapshot_is_deterministic_and_every_metric_has_provenance
tests/test_admin_weekly_snapshot.py::test_failed_and_not_run_sources_are_not_rendered_as_zero
tests/test_admin_weekly_validation.py::test_source_state_rejects_runtime_status_strings
tests/test_admin_weekly_validation.py::test_source_state_rejects_uncontrolled_failure_text
tests/test_admin_weekly_validation.py::test_candidate_key_requires_lowercase_hmac_sha256_shape
tests/test_admin_weekly_validation.py::test_build_weekly_snapshot_rejects_a_duck_typed_extra_source_state
tests/test_admin_weekly_validation.py::test_build_weekly_snapshot_rejects_a_duck_typed_source_state
tests/test_admin_weekly_validation.py::test_metric_contract_rejects_a_not_run_reason_outside_its_status_class
tests/test_admin_weekly_validation.py::test_private_payload_does_not_create_a_public_hash_oracle
tests/test_admin_weekly_window.py::test_weekly_window_returns_sunday_to_saturday_for_monday_meeting
tests/test_admin_weekly_window.py::test_weekly_window_is_stable_when_meeting_moves_within_iso_week
tests/test_admin_weekly_window.py::test_weekly_window_includes_start_and_excludes_end_boundary
tests/test_auth_surface.py::test_classifies_all_normal_observations[valid-False-roles-0-0]
tests/test_auth_surface.py::test_classifies_all_normal_observations[valid-False-roles-1-1]
tests/test_auth_surface.py::test_classifies_all_normal_observations[valid-False-roles-1-2]
tests/test_auth_surface.py::test_classifies_all_normal_observations[valid-False-roles-1-3]
tests/test_auth_surface.py::test_classifies_all_normal_observations[valid-False-roles-2-4]
tests/test_auth_surface.py::test_classifies_all_normal_observations[valid-False-roles-2-5]
tests/test_auth_surface.py::test_classifies_all_normal_observations[valid-False-roles-2-6]
tests/test_auth_surface.py::test_classifies_all_normal_observations[valid-False-roles-3-7]
tests/test_auth_surface.py::test_classifies_all_normal_observations[valid-True-roles-0-0]
tests/test_auth_surface.py::test_classifies_all_normal_observations[valid-True-roles-1-1]
tests/test_auth_surface.py::test_classifies_all_normal_observations[valid-True-roles-1-2]
tests/test_auth_surface.py::test_classifies_all_normal_observations[valid-True-roles-1-3]
tests/test_auth_surface.py::test_classifies_all_normal_observations[valid-True-roles-2-4]
tests/test_auth_surface.py::test_classifies_all_normal_observations[valid-True-roles-2-5]
tests/test_auth_surface.py::test_classifies_all_normal_observations[valid-True-roles-2-6]
tests/test_auth_surface.py::test_classifies_all_normal_observations[valid-True-roles-3-7]
tests/test_auth_surface.py::test_rejects_invalid_observations[observation0]
tests/test_auth_surface.py::test_rejects_invalid_observations[observation1]
tests/test_auth_surface.py::test_rejects_invalid_observations[observation2]
tests/test_auth_surface.py::test_rejects_invalid_observations[observation3]
tests/test_auth_surface.py::test_rejects_invalid_observations[observation4]
tests/test_auth_surface.py::test_classification_properties
tests/test_auth_surface.py::test_contract_has_exact_public_values
tests/test_auth_surface.py::test_public_api_is_wired_through_package
tests/test_cdp_websocket_parse_failure.py::test_unparseable_websocket_url_is_a_closed_read_failure[ws://[::1/page/SESSION-9]
tests/test_cdp_websocket_parse_failure.py::test_unparseable_websocket_url_is_a_closed_read_failure[ws://127.0.0.1:notaport/page/SESSION-9]
tests/test_hs_0001.py::test_clean_hs_kickoff_fixture_passes
tests/test_hs_0001.py::test_hs_kickoff_rejects_false_passes_in_workflow_contract[step shell no-op is rejected]
tests/test_hs_0001.py::test_hs_kickoff_rejects_false_passes_in_workflow_contract[top defaults run shell is rejected]
tests/test_hs_0001.py::test_hs_kickoff_rejects_false_passes_in_workflow_contract[step BASH_ENV is rejected]
tests/test_hs_0001.py::test_hs_kickoff_rejects_false_passes_in_workflow_contract[top BASH_ENV is rejected]
tests/test_hs_0001.py::test_hs_kickoff_rejects_false_passes_in_workflow_contract[PR 131 does not satisfy PR 13]
tests/test_hs_0001.py::test_hs_kickoff_rejects_false_passes_in_workflow_contract[VERDICT PASSED suffix is rejected]
tests/test_hs_0001_main_compat.py::test_hs_kickoff_accepts_latest_main_ci_concurrency_and_job_timeout
tests/test_hs_0002.py::test_negative_matches_expected_failure_reason_on_actual_fail_line[accepts the intended reason]
tests/test_hs_0002.py::test_negative_matches_expected_failure_reason_on_actual_fail_line[rejects another failure reason that only contains the expected substring]
tests/test_hs_0002.py::test_negative_matches_expected_failure_reason_on_actual_fail_line[rejects expected reason when immediately followed by another character]
tests/test_hs_0002.py::test_negative_matches_expected_failure_reason_on_actual_fail_line[treats regex metacharacters in expected reason literally]
tests/test_hs_0002.py::test_negative_matches_expected_failure_reason_on_actual_fail_line[accepts literal expected reason that contains regex metacharacters]
tests/test_hs_0002.py::test_negative_matches_expected_failure_reason_on_actual_fail_line[ignores PASS bait when failure line has the wrong reason]
tests/test_hs_0002.py::test_negative_matches_expected_failure_reason_on_actual_fail_line[preserves spaces quotes and dollars through argv]
tests/test_hs_0002.py::test_negative_matches_expected_failure_reason_on_actual_fail_line[rejects empty expected reason]
tests/test_hs_0002.py::test_negative_matches_expected_failure_reason_on_actual_fail_line[rejects empty log]
tests/test_hs_0002.py::test_negative_matches_expected_failure_reason_on_actual_fail_line[accepts literal expected reason containing backslashes]
tests/test_hs_0002.py::test_legacy_reason_requires_its_canonical_message[canonical-\ud589 \uc5c6\uc74c-\ucc98\ubd84\ud45c\uc5d0 PR #13 \ud589 \uc5c6\uc74c]
tests/test_hs_0002.py::test_legacy_reason_requires_its_canonical_message[canonical-\ub300\uc0c1 \uce78\uc5d0 \ub2e4\ub978 \ub300\uc0c1-PR #13 \ud589\uc758 \ub300\uc0c1 \uce78\uc5d0 \ub2e4\ub978 \ub300\uc0c1 1\uac1c\uac00 \ud568\uaed8 \uc801\ud600 \uc788\ub2e4 \u2014 \ub300\uc0c1\ub9c8\ub2e4 \uc790\uae30 \ud589\uc774 \uc788\uc5b4\uc57c \ud55c\ub2e4]
tests/test_hs_0002.py::test_legacy_reason_requires_its_canonical_message[canonical-\ucc98\ubd84\uc774 \ub458 \uc774\uc0c1-PR #13 \ud589\uc774 2\uac1c \u2014 \uac19\uc740 \ub300\uc0c1\uc5d0 \ucc98\ubd84\uc774 \ub458 \uc774\uc0c1\uc774\uba74 \uacb0\ub860\uc774 \ubb34\uc5c7\uc778\uc9c0 \uc815\ud574\uc9c0\uc9c0 \uc54a\ub294\ub2e4]
tests/test_hs_0002.py::test_legacy_reason_requires_its_canonical_message[canonical-\ud310\uc815 \ubb38\uc11c \uc5c6\uc74c-\ud310\uc815 \ubb38\uc11c \uc5c6\uc74c/\ube48 \ud30c\uc77c/\uccab \uc904 VERDICT \uc544\ub2d8 (verdict-*.md)]
tests/test_hs_0002.py::test_legacy_reason_requires_its_canonical_message[unrelated-context-\ud589 \uc5c6\uc74c-\ucc98\ubd84\ud45c\uc5d0 PR #13 \ud589 \uc5c6\uc74c]
tests/test_hs_0002.py::test_legacy_reason_requires_its_canonical_message[unrelated-context-\ub300\uc0c1 \uce78\uc5d0 \ub2e4\ub978 \ub300\uc0c1-PR #13 \ud589\uc758 \ub300\uc0c1 \uce78\uc5d0 \ub2e4\ub978 \ub300\uc0c1 1\uac1c\uac00 \ud568\uaed8 \uc801\ud600 \uc788\ub2e4 \u2014 \ub300\uc0c1\ub9c8\ub2e4 \uc790\uae30 \ud589\uc774 \uc788\uc5b4\uc57c \ud55c\ub2e4]
tests/test_hs_0002.py::test_legacy_reason_requires_its_canonical_message[unrelated-context-\ucc98\ubd84\uc774 \ub458 \uc774\uc0c1-PR #13 \ud589\uc774 2\uac1c \u2014 \uac19\uc740 \ub300\uc0c1\uc5d0 \ucc98\ubd84\uc774 \ub458 \uc774\uc0c1\uc774\uba74 \uacb0\ub860\uc774 \ubb34\uc5c7\uc778\uc9c0 \uc815\ud574\uc9c0\uc9c0 \uc54a\ub294\ub2e4]
tests/test_hs_0002.py::test_legacy_reason_requires_its_canonical_message[unrelated-context-\ud310\uc815 \ubb38\uc11c \uc5c6\uc74c-\ud310\uc815 \ubb38\uc11c \uc5c6\uc74c/\ube48 \ud30c\uc77c/\uccab \uc904 VERDICT \uc544\ub2d8 (verdict-*.md)]
tests/test_hs_0002.py::test_literal_reason_survives_character_combinations
tests/test_hs_0002.py::test_unrelated_context_and_word_extensions_never_count
tests/test_hs_0002_boundaries.py::test_blank_reason_cannot_identify_a_failure[]
tests/test_hs_0002_boundaries.py::test_blank_reason_cannot_identify_a_failure[ ]
tests/test_hs_0002_boundaries.py::test_blank_reason_cannot_identify_a_failure[\t]
tests/test_hs_0002_boundaries.py::test_blank_reason_cannot_identify_a_failure[ \t ]
tests/test_hs_0002_boundaries.py::test_blank_reason_cannot_identify_a_failure[\u3000]
tests/test_hs_0002_boundaries.py::test_reason_boundaries_in_actual_negative_call[CI \ubc30\uc120 \ubd88\ub7c9-CI \ubc30\uc120 \ubd88\ub7c9-False]
tests/test_hs_0002_boundaries.py::test_reason_boundaries_in_actual_negative_call[PASS: CI \ubc30\uc120 \ubd88\ub7c9-PASS: CI \ubc30\uc120 \ubd88\ub7c9-False]
tests/test_hs_0002_boundaries.py::test_reason_boundaries_in_actual_negative_call[FAIL: PASS: CI \ubc30\uc120 \ubd88\ub7c9-PASS: CI \ubc30\uc120 \ubd88\ub7c9-True]
tests/test_hs_0002_boundaries.py::test_reason_boundaries_in_actual_negative_call[FAIL: \ucc98\ubd84\ud45c\uc5d0 PR #13 \ud589 \uc5c6\uc74cXYZ-\ud589 \uc5c6\uc74c-False]
tests/test_hs_0002_boundaries.py::test_reason_boundaries_in_actual_negative_call[FAIL: CI \ubc30\uc120 \ubd88\ub7c9\u2014details-CI \ubc30\uc120 \ubd88\ub7c9-False]
tests/test_hs_0002_boundaries.py::test_reason_boundaries_in_actual_negative_call[FAIL: CI \ubc30\uc120 \ubd88\ub7c9-details-CI \ubc30\uc120 \ubd88\ub7c9-False]
tests/test_hs_0002_boundaries.py::test_reason_boundaries_in_actual_negative_call[FAIL: CI \ubc30\uc120 \ubd88\ub7c9\tdetails-CI \ubc30\uc120 \ubd88\ub7c9-True]
tests/test_hs_0002_boundaries.py::test_reason_boundaries_in_actual_negative_call[FAIL: CI \ubc30\uc120 \ubd88\ub7c9/details-CI \ubc30\uc120 \ubd88\ub7c9-True]
tests/test_hs_0002_boundaries.py::test_reason_boundaries_in_actual_negative_call[FAIL: reason\rX-reason\rX-False]
tests/test_hs_0002_boundaries.py::test_reason_boundaries_in_actual_negative_call[FAIL: reason\nX-reason\nX-False]
tests/test_hs_0002_boundaries.py::test_reason_boundaries_in_actual_negative_call[FAIL:  literal - literal -True]
tests/test_hs_0002_boundaries.py::test_reason_boundaries_in_actual_negative_call[FAIL: literal- literal -False]
tests/test_hs_0002_boundaries.py::test_reason_boundaries_in_actual_negative_call[FAIL: PR #13 \ud589\uc758 \ub300\uc0c1 \uce78\uc5d0 \ub2e4\ub978 \ub300\uc0c1 0\uac1c\uac00 \ud568\uaed8 \uc801\ud600 \uc788\ub2e4 \u2014 \ub300\uc0c1\ub9c8\ub2e4 \uc790\uae30 \ud589\uc774 \uc788\uc5b4\uc57c \ud55c\ub2e4-\ub300\uc0c1 \uce78\uc5d0 \ub2e4\ub978 \ub300\uc0c1-False]
tests/test_hs_0002_boundaries.py::test_reason_boundaries_in_actual_negative_call[FAIL: PR #13 \ud589\uc758 \ub300\uc0c1 \uce78\uc5d0 \ub2e4\ub978 \ub300\uc0c1 10\uac1c\uac00 \ud568\uaed8 \uc801\ud600 \uc788\ub2e4 \u2014 \ub300\uc0c1\ub9c8\ub2e4 \uc790\uae30 \ud589\uc774 \uc788\uc5b4\uc57c \ud55c\ub2e4-\ub300\uc0c1 \uce78\uc5d0 \ub2e4\ub978 \ub300\uc0c1-True]
tests/test_hs_0002_boundaries.py::test_cli_reports_unreadable_input_as_error[missing]
tests/test_hs_0002_boundaries.py::test_cli_reports_unreadable_input_as_error[directory]
tests/test_hs_0002_boundaries.py::test_cli_reports_unreadable_input_as_error[invalid-utf8]
tests/test_hs_0002_boundaries.py::test_cli_reports_unreadable_input_as_error[normal]
tests/test_observe.py::test_zero_matching_tabs_stops_without_guessing
tests/test_observe.py::test_multiple_matching_tabs_stop_without_guessing
tests/test_observe.py::test_unreadable_marker_payload_becomes_drifted_observation
tests/test_observe_adversarial_output.py::test_read_failure_cannot_emit_unknown_with_an_invalid_contract
tests/test_observe_adversarial_output.py::test_unapproved_path_identifier_is_redacted
tests/test_observe_adversarial_output.py::test_approved_static_path_is_preserved
tests/test_observe_adversarial_v1_findings.py::test_oversized_json_number_is_a_closed_transport_failure
tests/test_observe_adversarial_v1_findings.py::test_oversized_json_number_in_the_contract_is_a_closed_failure
tests/test_observe_adversarial_v1_findings.py::test_address_that_breaks_the_one_line_contract_renders_as_no_tab[https://\ud800.example/home]
tests/test_observe_adversarial_v1_findings.py::test_address_that_breaks_the_one_line_contract_renders_as_no_tab[https://portal\u2028.invalid/home]
tests/test_observe_adversarial_v1_findings.py::test_origin_with_an_unreadable_port_is_not_a_valid_origin[notaport]
tests/test_observe_adversarial_v1_findings.py::test_origin_with_an_unreadable_port_is_not_a_valid_origin[99999]
tests/test_observe_adversarial_v1_findings.py::test_origin_with_an_unreadable_port_is_not_a_valid_origin[-1]
tests/test_observe_adversarial_v1_findings.py::test_contract_with_an_unusable_origin_port_is_refused
tests/test_observe_adversarial_v1_findings.py::test_reduced_url_drops_every_userinfo_segment
tests/test_observe_adversarial_v1_round2.py::test_deeply_nested_target_json_is_a_closed_transport_failure
tests/test_observe_adversarial_v1_round2.py::test_deeply_nested_contract_json_is_a_closed_failure
tests/test_observe_adversarial_v1_round2.py::test_deeply_nested_cdp_json_is_a_closed_read_failure
tests/test_observe_adversarial_v1_round2.py::test_non_ascii_contract_path_is_not_valid_contract_data[/\ud800]
tests/test_observe_adversarial_v1_round2.py::test_non_ascii_contract_path_is_not_valid_contract_data[/home\u2028]
tests/test_observe_adversarial_v1_round2.py::test_non_ascii_contract_path_is_not_valid_contract_data[/\ud648]
tests/test_observe_adversarial_v1_round2.py::test_line_breaking_loggable_path_cannot_split_the_finished_line
tests/test_observe_adversarial_v1_round2.py::test_port_is_part_of_the_origin_comparison[https://portal.invalid:444/home-https://portal.invalid]
tests/test_observe_adversarial_v1_round2.py::test_port_is_part_of_the_origin_comparison[https://portal.invalid/home-https://portal.invalid:444]
tests/test_observe_adversarial_v1_round2.py::test_port_is_part_of_the_origin_comparison[https://portal.invalid:443/home-https://portal.invalid]
tests/test_observe_adversarial_v1_round2.py::test_configured_port_still_matches_exactly
tests/test_observe_adversarial_v2_findings.py::test_non_ascii_origin_is_not_a_valid_origin
tests/test_observe_adversarial_v2_findings.py::test_no_contract_value_can_produce_output_the_terminal_cannot_print
tests/test_observe_adversarial_v2_findings.py::test_contract_with_a_non_ascii_origin_is_refused
tests/test_observe_adversarial_v2_findings.py::test_main_success_path_keeps_the_approved_path_and_exits_zero
tests/test_observe_adversarial_v2_findings.py::test_any_value_error_from_the_transport_is_a_closed_failure
tests/test_observe_adversarial_v2_findings.py::test_any_value_error_from_the_cdp_read_is_a_closed_failure
tests/test_observe_authentication_invariants.py::test_a_broken_contract_can_never_report_authentication
tests/test_observe_authentication_invariants.py::test_no_role_set_survives_a_broken_contract[roles0]
tests/test_observe_authentication_invariants.py::test_no_role_set_survives_a_broken_contract[roles1]
tests/test_observe_authentication_invariants.py::test_no_role_set_survives_a_broken_contract[roles2]
tests/test_observe_authentication_invariants.py::test_no_role_set_survives_a_broken_contract[roles3]
tests/test_observe_authentication_invariants.py::test_a_repeated_role_claim_can_never_report_authentication
tests/test_observe_authentication_invariants.py::test_a_non_string_url_is_never_a_candidate[None]
tests/test_observe_authentication_invariants.py::test_a_non_string_url_is_never_a_candidate[1]
tests/test_observe_authentication_invariants.py::test_a_non_string_url_is_never_a_candidate[url2]
tests/test_observe_authentication_invariants.py::test_a_non_string_url_is_never_a_candidate[url3]
tests/test_observe_authentication_invariants.py::test_an_oversized_target_list_is_refused
tests/test_observe_authentication_invariants.py::test_an_object_that_merely_prints_like_a_url_is_not_a_candidate
tests/test_observe_boundary.py::test_cdp_boundary_cannot_accept_an_arbitrary_expression
tests/test_observe_boundary.py::test_any_numeric_loopback_host_is_valid_contract_data
tests/test_observe_boundary.py::test_valid_marker_role_payloads_translate_without_loss
tests/test_observe_boundary.py::test_only_authenticated_state_has_success_exit
tests/test_observe_boundary.py::test_exactly_one_matching_target_is_returned
tests/test_observe_boundary.py::test_observe_once_uses_the_narrow_marker_adapter
tests/test_observe_closed_failure_branches.py::test_unknown_role_value_makes_the_observation_invalid[nope]
tests/test_observe_closed_failure_branches.py::test_unknown_role_value_makes_the_observation_invalid[1]
tests/test_observe_closed_failure_branches.py::test_unknown_role_value_makes_the_observation_invalid[None]
tests/test_observe_closed_failure_branches.py::test_unknown_role_value_makes_the_observation_invalid[role_value3]
tests/test_observe_closed_failure_branches.py::test_main_absorbs_a_cdp_read_error
tests/test_observe_closed_failure_branches.py::test_missing_contract_file_is_a_closed_failure
tests/test_observe_closed_failure_branches.py::test_main_reports_drift_when_the_contract_file_is_missing
tests/test_observe_closed_failure_branches.py::test_refused_transport_is_a_closed_observation_failure
tests/test_observe_closed_failure_branches.py::test_refused_cdp_connection_is_a_closed_read_failure
tests/test_observe_closed_failure_branches.py::test_a_role_value_that_cannot_be_compared_makes_the_observation_invalid
tests/test_observe_closed_failure_branches.py::test_cdp_read_skips_unrelated_events_before_the_answer
tests/test_observe_contract_failure.py::test_non_utf8_contract_is_a_closed_observation_failure
tests/test_observe_output.py::test_human_auth_is_a_person_call_with_exit_two
tests/test_observe_output.py::test_output_is_one_privacy_reduced_line
tests/test_observe_port_contract.py::test_unapproved_diagnostic_port_stops_before_target_read
tests/test_observe_refusal_sentinel.py::test_the_refusal_value_is_never_treated_as_an_allowed_origin
tests/test_observe_refusal_sentinel.py::test_an_empty_allowed_origin_never_matches_anything[allowed0]
tests/test_observe_refusal_sentinel.py::test_an_empty_allowed_origin_never_matches_anything[allowed1]
tests/test_observe_refusal_sentinel.py::test_an_empty_allowed_origin_never_matches_anything[allowed2]
tests/test_observe_refusal_sentinel.py::test_a_real_origin_still_matches_when_the_allowlist_also_holds_the_sentinel
tests/test_observe_refusal_sentinel.py::test_the_contract_file_cannot_introduce_the_sentinel
tests/test_observe_selection_position.py::test_the_approved_tab_is_found_at_any_position
tests/test_observe_selection_position.py::test_two_approved_tabs_are_refused_however_far_apart
tests/test_observe_selection_position.py::test_selection_reads_the_whole_target_list
tests/test_observe_transport_construction.py::test_transport_construction_failure_is_a_closed_observation_failure
tests/test_observe_transport_construction.py::test_address_with_a_control_character_is_not_a_loopback_host
tests/test_observe_transport_construction.py::test_main_reports_drift_without_echoing_a_control_character_host
tests/test_observe_transport_construction.py::test_non_ascii_scope_id_is_not_a_loopback_host
tests/test_observe_transport_construction.py::test_transport_encoding_failure_is_a_closed_observation_failure
tests/test_observe_transport_construction.py::test_main_reports_drift_for_a_non_ascii_scope_host
tests/test_observe_transport_failure.py::test_non_utf8_target_response_is_a_closed_observation_failure
tests/test_observe_url_parse_failure.py::test_unparseable_target_url_is_refused_not_crashed[https://portal.invalid\uff03drift/candidates/CANDIDATE-9?ref=private]
tests/test_observe_url_parse_failure.py::test_unparseable_target_url_is_refused_not_crashed[https://[::1/home]
tests/test_observe_url_parse_failure.py::test_unparseable_target_url_does_not_hide_the_approved_tab
tests/test_observe_url_parse_failure.py::test_cli_reports_drift_without_echoing_the_unparseable_url
tests/test_observe_url_parse_property.py::test_unparseable_allowed_origin_is_a_closed_contract_failure
tests/test_observe_url_parse_property.py::test_unparseable_tab_url_renders_as_no_tab
tests/test_observe_url_parse_property.py::test_no_text_input_can_make_address_parsing_raise
tests/test_observe_url_parse_property.py::test_reduced_output_never_carries_an_unapproved_path
tests/test_observe_userinfo_redaction.py::test_reduced_url_drops_connection_credentials[/home]
tests/test_observe_userinfo_redaction.py::test_reduced_url_drops_connection_credentials[/candidates/CANDIDATE-9?ref=private]
tests/test_observe_userinfo_redaction.py::test_observation_line_drops_connection_credentials
tests/test_package_boundary.py::test_package_is_importable_at_runtime

262 tests collected in 0.19s
