TAP version 13
# Subtest: G, Claude V1, and fresh-context Codex V2 evidence binds to one candidate and T
ok 1 - G, Claude V1, and fresh-context Codex V2 evidence binds to one candidate and T
  ---
  duration_ms: 591.003292
  type: 'test'
  ...
# Subtest: a stale reviewer candidate is rejected
ok 2 - a stale reviewer candidate is rejected
  ---
  duration_ms: 459.532
  type: 'test'
  ...
# Subtest: a missing required attack is rejected
ok 3 - a missing required attack is rejected
  ---
  duration_ms: 310.789125
  type: 'test'
  ...
# Subtest: Claude V1 FAIL forbids a PASS logic verdict
ok 4 - Claude V1 FAIL forbids a PASS logic verdict
  ---
  duration_ms: 283.986792
  type: 'test'
  ...
# Subtest: a later raw FAIL marker overrides an earlier PASS marker
ok 5 - a later raw FAIL marker overrides an earlier PASS marker
  ---
  duration_ms: 293.735709
  type: 'test'
  ...
# Subtest: G V1 V2 disagreement is rejected
ok 6 - G V1 V2 disagreement is rejected
  ---
  duration_ms: 296.4295
  type: 'test'
  ...
# Subtest: zero output is rejected
ok 7 - zero output is rejected
  ---
  duration_ms: 302.541416
  type: 'test'
  ...
# Subtest: partial output is rejected
ok 8 - partial output is rejected
  ---
  duration_ms: 289.542875
  type: 'test'
  ...
# Subtest: raw output hash mismatch is rejected
ok 9 - raw output hash mismatch is rejected
  ---
  duration_ms: 319.34825
  type: 'test'
  ...
# Subtest: missing session ID is rejected
ok 10 - missing session ID is rejected
  ---
  duration_ms: 378.125125
  type: 'test'
  ...
# Subtest: Claude V1 command must remove the inherited API key
ok 11 - Claude V1 command must remove the inherited API key
  ---
  duration_ms: 377.528834
  type: 'test'
  ...
# Subtest: V2 must reproduce every V1 attack
ok 12 - V2 must reproduce every V1 attack
  ---
  duration_ms: 343.594
  type: 'test'
  ...
# Subtest: a substituted manifest blob is rejected
ok 13 - a substituted manifest blob is rejected
  ---
  duration_ms: 583.141125
  type: 'test'
  ...
# Subtest: secure scope reads the exact ledger from the index, not an unstaged broad decoy
ok 14 - secure scope reads the exact ledger from the index, not an unstaged broad decoy
  ---
  duration_ms: 486.0565
  type: 'test'
  ...
# Subtest: secure scope ignores a newer worktree ledger with another run id
ok 15 - secure scope ignores a newer worktree ledger with another run id
  ---
  duration_ms: 452.909667
  type: 'test'
  ...
# Subtest: secure scope rejects CLI scopes that disagree with the indexed ledger
ok 16 - secure scope rejects CLI scopes that disagree with the indexed ledger
  ---
  duration_ms: 290.450583
  type: 'test'
  ...
# Subtest: secure scope accepts an identical CLI and indexed ledger scope
ok 17 - secure scope accepts an identical CLI and indexed ledger scope
  ---
  duration_ms: 251.623
  type: 'test'
  ...
# Subtest: secure scope fails when the exact indexed ledger is missing
ok 18 - secure scope fails when the exact indexed ledger is missing
  ---
  duration_ms: 247.839917
  type: 'test'
  ...
# Subtest: secure scope rejects duplicate WU ids
ok 19 - secure scope rejects duplicate WU ids
  ---
  duration_ms: 254.896375
  type: 'test'
  ...
# Subtest: secure scope rejects a ledger whose embedded run id differs from the requested id
ok 20 - secure scope rejects a ledger whose embedded run id differs from the requested id
  ---
  duration_ms: 257.410542
  type: 'test'
  ...
# Subtest: secure scope rejects zero staged targets
ok 21 - secure scope rejects zero staged targets
  ---
  duration_ms: 219.232042
  type: 'test'
  ...
# Subtest: explicit legacy scope also rejects zero staged targets
ok 22 - explicit legacy scope also rejects zero staged targets
  ---
  duration_ms: 203.017542
  type: 'test'
  ...
# Subtest: local GREEN keeps remote, merge, deploy, live, readiness, and overall T at NOT_RUN
ok 23 - local GREEN keeps remote, merge, deploy, live, readiness, and overall T at NOT_RUN
  ---
  duration_ms: 668.346917
  type: 'test'
  ...
# Subtest: checkpoint readiness cannot pass before user merge
ok 24 - checkpoint readiness cannot pass before user merge
  ---
  duration_ms: 464.405292
  type: 'test'
  ...
# Subtest: overall T cannot pass before user merge
ok 25 - overall T cannot pass before user merge
  ---
  duration_ms: 336.170458
  type: 'test'
  ...
# Subtest: CI GREEN cannot substitute for a real PR
ok 26 - CI GREEN cannot substitute for a real PR
  ---
  duration_ms: 333.112208
  type: 'test'
  ...
# Subtest: CI with zero checks is rejected
ok 27 - CI with zero checks is rejected
  ---
  duration_ms: 363.0175
  type: 'test'
  ...
# Subtest: CI for a stale hash is rejected
ok 28 - CI for a stale hash is rejected
  ---
  duration_ms: 349.31925
  type: 'test'
  ...
# Subtest: CI evidence must come from a GitHub PR statusCheckRollup command
ok 29 - CI evidence must come from a GitHub PR statusCheckRollup command
  ---
  duration_ms: 406.027542
  type: 'test'
  ...
# Subtest: merge without CI GREEN is rejected
ok 30 - merge without CI GREEN is rejected
  ---
  duration_ms: 450.97375
  type: 'test'
  ...
# Subtest: a nonexistent merge object cannot promote readiness
ok 31 - a nonexistent merge object cannot promote readiness
  ---
  duration_ms: 468.857917
  type: 'test'
  ...
# Subtest: a merge object unrelated to the candidate cannot promote readiness
ok 32 - a merge object unrelated to the candidate cannot promote readiness
  ---
  duration_ms: 451.872042
  type: 'test'
  ...
# Subtest: deploy before merge is rejected
ok 33 - deploy before merge is rejected
  ---
  duration_ms: 674.644917
  type: 'test'
  ...
# Subtest: live verify before deploy is rejected
ok 34 - live verify before deploy is rejected
  ---
  duration_ms: 403.282791
  type: 'test'
  ...
# Subtest: post-merge deploy and live verify use separate evidence
ok 35 - post-merge deploy and live verify use separate evidence
  ---
  duration_ms: 582.557292
  type: 'test'
  ...
# Subtest: deploy and live verify cannot reuse one output
ok 36 - deploy and live verify cannot reuse one output
  ---
  duration_ms: 464.707791
  type: 'test'
  ...
# Subtest: unknown remote state is rejected
ok 37 - unknown remote state is rejected
  ---
  duration_ms: 299.625041
  type: 'test'
  ...
1..37
# tests 37
# suites 0
# pass 37
# fail 0
# cancelled 0
# skipped 0
# todo 0
# duration_ms 6898.493709
